C51 COMPILER V9.60.7.0   BUZZER                                                            09/24/2024 21:09:52 PAGE 1   


C51 COMPILER V9.60.7.0, COMPILATION OF MODULE BUZZER
OBJECT MODULE PLACED IN .\Objects\buzzer.obj
COMPILER INVOKED BY: E:\ARM_KEIL\Arm\Keil_v5\C51\BIN\C51.EXE source\buzzer.c OPTIMIZE(8,SPEED) BROWSE DEBUG OBJECTEXTEND
                    - PRINT(.\Listings\buzzer.lst) TABS(2) OBJECT(.\Objects\buzzer.obj)

line level    source

   1          /* buzzer.c */
   2          #include "include/buzzer.h"
   3          #include "reg52.h"
   4          #include "include/delay.h"
   5          
   6          /**
   7           * @brief 设置蜂鸣器的状态
   8           * @param state 蜂鸣器的状态，0 为关，1 为开
   9           */
  10          void setBuzzerState(unsigned char state)
  11          {
  12   1          buzzerPin = state; // 设置蜂鸣器引脚状态
  13   1      }
  14          
  15          /**
  16           * @brief 打开蜂鸣器
  17           */
  18          void buzzerOn(void)
  19          {
  20   1          setBuzzerState(1); // 打开蜂鸣器
  21   1      }
  22          
  23          /**
  24           * @brief 关闭蜂鸣器
  25           */
  26          void buzzerOff(void)
  27          {
  28   1          setBuzzerState(0); // 关闭蜂鸣器
  29   1      }


MODULE INFORMATION:   STATIC OVERLAYABLE
   CODE SIZE        =     16    ----
   CONSTANT SIZE    =   ----    ----
   XDATA SIZE       =   ----    ----
   PDATA SIZE       =   ----    ----
   DATA SIZE        =   ----    ----
   IDATA SIZE       =   ----    ----
   BIT SIZE         =   ----    ----
END OF MODULE INFORMATION.


C51 COMPILATION COMPLETE.  0 WARNING(S),  0 ERROR(S)
