C51 COMPILER V9.60.7.0   BUZZER                                                            09/25/2024 13:12:39 PAGE 1   


C51 COMPILER V9.60.7.0, COMPILATION OF MODULE BUZZER
OBJECT MODULE PLACED IN .\Objects\buzzer.obj
COMPILER INVOKED BY: E:\ARM_KEIL\Arm\Keil_v5\C51\BIN\C51.EXE source\buzzer.c OPTIMIZE(8,SPEED) BROWSE DEBUG OBJECTEXTEND
                    - PRINT(.\Listings\buzzer.lst) TABS(2) OBJECT(.\Objects\buzzer.obj)

line level    source

   1          /* buzzer.c */
   2          #include "include/buzzer.h"
   3          #include "reg52.h"
   4          #include "include/delay.h"
   5          #include <intrins.h>
   6          
   7          /**
   8           * @brief 打开蜂鸣器
   9           */
  10          void buzzerOn(void)
  11          {
  12   1          buzzerPin = 1; // 打开蜂鸣器
  13   1          DelayUs2x(25);
  14   1      }
  15          
  16          /**
  17           * @brief 关闭蜂鸣器
  18           */
  19          void buzzerOff(void)
  20          {
  21   1          buzzerPin = 0; // 关闭蜂鸣器
  22   1          DelayUs2x(25);
  23   1      }


MODULE INFORMATION:   STATIC OVERLAYABLE
   CODE SIZE        =     14    ----
   CONSTANT SIZE    =   ----    ----
   XDATA SIZE       =   ----    ----
   PDATA SIZE       =   ----    ----
   DATA SIZE        =   ----    ----
   IDATA SIZE       =   ----    ----
   BIT SIZE         =   ----    ----
END OF MODULE INFORMATION.


C51 COMPILATION COMPLETE.  0 WARNING(S),  0 ERROR(S)
