C51 COMPILER V9.60.7.0   DELAY                                                             09/23/2024 18:56:44 PAGE 1   


C51 COMPILER V9.60.7.0, COMPILATION OF MODULE DELAY
OBJECT MODULE PLACED IN .\Objects\delay.obj
COMPILER INVOKED BY: E:\ARM_KEIL\Arm\Keil_v5\C51\BIN\C51.EXE source\delay.c OPTIMIZE(8,SPEED) BROWSE DEBUG OBJECTEXTEND 
                    -PRINT(.\Listings\delay.lst) TABS(2) OBJECT(.\Objects\delay.obj)

line level    source

   1          #include "include/delay.h"
   2          
   3          void DelayUs2x(unsigned char t)
   4          {
   5   1          // 循环直到 t 减到 0
   6   1          while(--t);
   7   1      }
   8          
   9          /**
  10           * @brief 延迟毫秒函数
  11           *
  12           * 通过循环调用 DelayUs2x 函数实现毫秒级别的延迟。
  13           *
  14           * @param t 延迟的毫秒数
  15           */
  16          void DelayMs(unsigned char t)
  17          {
  18   1          // 循环 t 次
  19   1          while(t--) {
  20   2              // 调用 DelayUs2x 函数，参数为 245，延迟一段时间
  21   2              DelayUs2x(245);
  22   2              // 再次调用 DelayUs2x 函数，参数为 245，继续延迟一段时间
  23   2              DelayUs2x(245);
  24   2          }
  25   1      }


MODULE INFORMATION:   STATIC OVERLAYABLE
   CODE SIZE        =     24    ----
   CONSTANT SIZE    =   ----    ----
   XDATA SIZE       =   ----    ----
   PDATA SIZE       =   ----    ----
   DATA SIZE        =   ----    ----
   IDATA SIZE       =   ----    ----
   BIT SIZE         =   ----    ----
END OF MODULE INFORMATION.


C51 COMPILATION COMPLETE.  0 WARNING(S),  0 ERROR(S)
