C51 COMPILER V9.60.7.0   IKEYEVENT                                                         09/25/2024 13:12:39 PAGE 1   


C51 COMPILER V9.60.7.0, COMPILATION OF MODULE IKEYEVENT
OBJECT MODULE PLACED IN .\Objects\IKeyEvent.obj
COMPILER INVOKED BY: E:\ARM_KEIL\Arm\Keil_v5\C51\BIN\C51.EXE source\IKeyEvent.c OPTIMIZE(8,SPEED) BROWSE DEBUG OBJECTEXT
                    -END PRINT(.\Listings\IKeyEvent.lst) TABS(2) OBJECT(.\Objects\IKeyEvent.obj)

line level    source

   1          /* IKeyEvent.c */
   2          #include "reg52.h"
   3          #include "include/delay.h"
   4          #include "include/IKeyEvent.h"
   5          #include <intrins.h>
   6          
   7          #define DEBOUNCE_DELAY 2 // 防抖延迟时间（单位：毫秒）
   8          
   9          /**
  10           * @brief 检查所有按钮的状态
  11           */
  12          void checkButtons(void) {
  13   1          // 如果按钮状态为按下（0）
  14   1          if (switchButton == 0) {
  15   2              // 延迟一段时间以防抖动
  16   2              DelayMs(DEBOUNCE_DELAY);
  17   2              // 再次检查按钮状态
  18   2              if (switchButton == 0) {
  19   3                  displayTemperatureOrTime = !displayTemperatureOrTime; // 切换显示状态
  20   3                  DelayMs(DEBOUNCE_DELAY); // 再次延迟以防止抖动
  21   3              }
  22   2              // 等待按钮释放（状态变为1）
  23   2              while (!switchButton);
  24   2          }
  25   1      }


MODULE INFORMATION:   STATIC OVERLAYABLE
   CODE SIZE        =     22    ----
   CONSTANT SIZE    =   ----    ----
   XDATA SIZE       =   ----    ----
   PDATA SIZE       =   ----    ----
   DATA SIZE        =   ----    ----
   IDATA SIZE       =   ----    ----
   BIT SIZE         =   ----    ----
END OF MODULE INFORMATION.


C51 COMPILATION COMPLETE.  0 WARNING(S),  0 ERROR(S)
