C51 COMPILER V9.60.7.0   PID_CONTROLLER                                                    09/24/2024 21:09:52 PAGE 1   


C51 COMPILER V9.60.7.0, COMPILATION OF MODULE PID_CONTROLLER
OBJECT MODULE PLACED IN .\Objects\pid_controller.obj
COMPILER INVOKED BY: E:\ARM_KEIL\Arm\Keil_v5\C51\BIN\C51.EXE source\pid_controller.c OPTIMIZE(8,SPEED) BROWSE DEBUG OBJE
                    -CTEXTEND PRINT(.\Listings\pid_controller.lst) TABS(2) OBJECT(.\Objects\pid_controller.obj)

line level    source

   1          /* pid_controller.c */
   2          
   3          #include "include/pid_controller.h"
   4          #include "include/relay.h"
   5          #include "include/buzzer.h"
   6          #include "reg52.h"
   7          
   8          /**
   9           * @brief PID 控制函数
  10           *
  11           * 根据当前温度与设定点的误差计算 PID 输出，并控制继电器
  12           */
  13          void pIDControl() {
  14   1      
  15   1          char error,derivative,output;
  16   1          // 计算当前误差
  17   1          error = setpoint - temperature; 
  18   1      
  19   1          // 更新积分值
  20   1          integral += error; 
  21   1      
  22   1          // 计算微分值
  23   1          derivative = error - previous_error; 
  24   1      
  25   1          // 保存当前误差用于下次计算
  26   1          previous_error = error; 
  27   1      
  28   1          // 计算 PID 输出
  29   1          output = (KP * error) + (KI * integral) + (KD * derivative);
  30   1      
  31   1          // 根据 PID 输出控制继电器
  32   1          if (output > 0) {
  33   2              relayOpened();  // 打开继电器
  34   2          } else {
  35   2              relayClosed();  // 关闭继电器
  36   2          }
  37   1      }


MODULE INFORMATION:   STATIC OVERLAYABLE
   CODE SIZE        =    117    ----
   CONSTANT SIZE    =   ----    ----
   XDATA SIZE       =   ----    ----
   PDATA SIZE       =   ----    ----
   DATA SIZE        =   ----       2
   IDATA SIZE       =   ----    ----
   BIT SIZE         =   ----    ----
END OF MODULE INFORMATION.


C51 COMPILATION COMPLETE.  0 WARNING(S),  0 ERROR(S)
