C51 COMPILER V9.60.7.0   PID_CONTROLLER                                                    09/25/2024 13:12:39 PAGE 1   


C51 COMPILER V9.60.7.0, COMPILATION OF MODULE PID_CONTROLLER
OBJECT MODULE PLACED IN .\Objects\pid_controller.obj
COMPILER INVOKED BY: E:\ARM_KEIL\Arm\Keil_v5\C51\BIN\C51.EXE source\pid_controller.c OPTIMIZE(8,SPEED) BROWSE DEBUG OBJE
                    -CTEXTEND PRINT(.\Listings\pid_controller.lst) TABS(2) OBJECT(.\Objects\pid_controller.obj)

line level    source

   1          /* pid_controller.c */
   2          
   3          #include "include/pid_controller.h"
   4          #include "include/relay.h"
   5          #include "include/buzzer.h"
   6          #include "reg52.h"
   7          #include <intrins.h>
   8          #include "include/delay.h"
   9          
  10          /**
  11           * @brief PID 控制函数
  12           *
  13           * 根据当前温度与设定点的误差计算 PID 输出，并控制继电器
  14           */
  15          void pIDControl()
  16          {
  17   1      
  18   1          char error, derivative, output;
  19   1          // 计算当前误差
  20   1          error = setpoint - temperature;
  21   1      
  22   1          // 更新积分值
  23   1          integral += error;
  24   1      
  25   1          // 计算微分值
  26   1          derivative = error - previous_error;
  27   1      
  28   1          // 保存当前误差用于下次计算
  29   1          previous_error = error;
  30   1      
  31   1          // 计算 PID 输出
  32   1          output = (KP * error) + (KI * integral) + (KD * derivative);
  33   1      
  34   1          // 根据 PID 输出控制继电器
  35   1          if (output > 0)
  36   1          {
  37   2              relayOpened();  // 打开继电器
  38   2              DelayUs2x(25); // 延时，防止继电器频繁开关
  39   2          }
  40   1          else
  41   1          {
  42   2              relayClosed();  // 关闭继电器
  43   2              DelayUs2x(25); // 延时，防止继电器频繁开关
  44   2          }
  45   1      }


MODULE INFORMATION:   STATIC OVERLAYABLE
   CODE SIZE        =    141    ----
   CONSTANT SIZE    =   ----    ----
   XDATA SIZE       =   ----    ----
   PDATA SIZE       =   ----    ----
   DATA SIZE        =   ----       2
   IDATA SIZE       =   ----    ----
C51 COMPILER V9.60.7.0   PID_CONTROLLER                                                    09/25/2024 13:12:39 PAGE 2   

   BIT SIZE         =   ----    ----
END OF MODULE INFORMATION.


C51 COMPILATION COMPLETE.  0 WARNING(S),  0 ERROR(S)
