C51 COMPILER V9.60.7.0   RELAY                                                             09/24/2024 21:09:52 PAGE 1   


C51 COMPILER V9.60.7.0, COMPILATION OF MODULE RELAY
OBJECT MODULE PLACED IN .\Objects\Relay.obj
COMPILER INVOKED BY: E:\ARM_KEIL\Arm\Keil_v5\C51\BIN\C51.EXE source\Relay.c OPTIMIZE(8,SPEED) BROWSE DEBUG OBJECTEXTEND 
                    -PRINT(.\Listings\Relay.lst) TABS(2) OBJECT(.\Objects\Relay.obj)

line level    source

   1          /* Relay.c */
   2          #include "reg52.h"
   3          
   4          // 继电器引脚定义
   5          sbit relayPin = P1^4; // 定义继电器控制引脚
   6          
   7          /**
   8           * @brief 关闭继电器
   9           * 
  10           * 将继电器引脚设置为高电平（关闭状态）
  11           */
  12          void relayClosed() {
  13   1          relayPin = 1; // 关闭继电器
  14   1      }
  15          
  16          /**
  17           * @brief 打开继电器
  18           * 
  19           * 将继电器引脚设置为低电平（打开状态）
  20           */
  21          void relayOpened() {
  22   1          relayPin = 0; // 打开继电器
  23   1      }


MODULE INFORMATION:   STATIC OVERLAYABLE
   CODE SIZE        =      6    ----
   CONSTANT SIZE    =   ----    ----
   XDATA SIZE       =   ----    ----
   PDATA SIZE       =   ----    ----
   DATA SIZE        =   ----    ----
   IDATA SIZE       =   ----    ----
   BIT SIZE         =   ----    ----
END OF MODULE INFORMATION.


C51 COMPILATION COMPLETE.  0 WARNING(S),  0 ERROR(S)
